<html>
<body>
<pre>
<h1>�Vision Build Log</h1>
<h2>Tool Versions:</h2>
IDE-Version: ��Vision V5.42.0.0
Copyright (C) 2025 ARM Ltd and ARM Germany GmbH. All rights reserved.
License Information: HCW HCW, HCW, LIC=03C6R-KTI51-II65V-PKUXA-LY2S3-B2VMD
 
Tool Versions:
Toolchain:       MDK-ARM Plus  Version: 5.42.0.0
Toolchain Path:  D:\Keil\ARM\ARMCLANG\Bin
C Compiler:      ArmClang.exe V6.23
Assembler:       Armasm.exe V6.23
Linker/Locator:  ArmLink.exe V6.23
Library Manager: ArmAr.exe V6.23
Hex Converter:   FromElf.exe V6.23
CPU DLL:         
Dialog DLL:      
Target DLL:      CMSIS_AGDI_V8M.DLL V1.8.6.0
Dialog DLL:      TCM.DLL V1.56.6.0
 
<h2>Project:</h2>
F:\IntegratedProjects\Fly\Software\Control\MDK-ARM\Control.uvprojx
Project File Date:  08/08/2025

<h2>Output:</h2>
*** Using Compiler 'V6.23', folder: 'D:\Keil\ARM\ARMCLANG\Bin'
Rebuild target 'Control'
compiling armlib_lock_glue.c...
compiling stm32h5xx_it.c...
compiling stm32h5xx_hal_msp.c...
compiling stm32h5xx_hal_rcc.c...
assembling startup_stm32h503xx.s...
compiling app_freertos.c...
compiling stm32h5xx_hal_rcc_ex.c...
compiling stm32h5xx_hal_timebase_tim.c...
compiling stm32h5xx_hal_flash.c...
compiling main.c...
compiling stm32h5xx_hal_gpio.c...
compiling stm32h5xx_hal_cortex.c...
compiling stm32h5xx_hal_flash_ex.c...
compiling stm32h5xx_hal_tim_ex.c...
compiling stm32h5xx_hal_dma.c...
compiling stm32h5xx_hal_pwr.c...
compiling stm32h5xx_hal_pwr_ex.c...
compiling stm32h5xx_hal.c...
compiling stm32h5xx_hal_exti.c...
compiling stm32h5xx_hal_tim.c...
compiling stm32h5xx_hal_dma_ex.c...
compiling stm32h5xx_hal_i2c_ex.c...
compiling stm32h5xx_hal_icache.c...
compiling stm32h5xx_hal_spi_ex.c...
compiling stm32h5xx_hal_uart_ex.c...
compiling stm32h5xx_hal_pcd_ex.c...
compiling stm32h5xx_hal_spi.c...
compiling pid.c...
compiling system_stm32h5xx.c...
compiling stm32h5xx_hal_pcd.c...
compiling stm32h5xx_hal_uart.c...
compiling stm32h5xx_hal_i2c.c...
compiling error.c...
compiling bmi088.c...
compiling spl06.c...
compiling stm32h5xx_ll_usb.c...
compiling ch9141k.c...
compiling attitude.c...
../User/APP/Src/app.c(330): warning: cast to smaller integer type 'state_machine_event_enum' from 'void *' [-Wvoid-pointer-to-enum-cast]
  330 |   state_machine_event_enum event = (state_machine_event_enum)argument;
      |                                    ^~~~~~~~~~~~~~~~~~~~~~~~~~~~~~~~~~
../User/APP/Src/app.c(340): warning: cast to smaller integer type 'uint8_t' (aka 'unsigned char') from 'void *' [-Wvoid-pointer-to-int-cast]
  340 |   uint8_t timer_enable = (uint8_t)argument;
      |                          ^~~~~~~~~~~~~~~~~
../User/APP/Src/app.c(356): warning: cast to smaller integer type 'state_machine_event_enum' from 'void *' [-Wvoid-pointer-to-enum-cast]
  356 |   state_machine_event_enum event = (state_machine_event_enum)argument; // 发送心跳事件
      |                                    ^~~~~~~~~~~~~~~~~~~~~~~~~~~~~~~~~~
3 warnings generated.
compiling app.c...
compiling com.c...
compiling light.c...
compiling flight_control.c...
compiling tusb.c...
compiling cdc_device.c...
compiling usbd_control.c...
compiling croutine.c...
compiling tusb_fifo.c...
compiling event_groups.c...
compiling list.c...
compiling usbd.c...
compiling stream_buffer.c...
compiling dcd_stm32_fsdev.c...
compiling queue.c...
compiling portasm.c...
compiling port.c...
compiling timers.c...
compiling heap_4.c...
compiling tasks.c...
compiling cmsis_os2.c...
linking...
Program Size: Code=112288 RO-data=1756 RW-data=24 ZI-data=18736  
FromELF: creating hex file...
"Control\Control.axf" - 0 Error(s), 3 Warning(s).

<h2>Software Packages used:</h2>

Package Vendor: Keil
                https://www.keil.com/pack/Keil.STM32H5xx_DFP.2.0.0.pack
                Keil::STM32H5xx_DFP@2.0.0
                STMicroelectronics STM32H5 Series Device Support

<h2>Collection of Component include folders:</h2>

<h2>Collection of Component Files used:</h2>
Build Time Elapsed:  00:00:02
</pre>
</body>
</html>
