<html>
<body>
<pre>
<h1>µVision Build Log</h1>
<h2>Tool Versions:</h2>
IDE-Version: ¦ÌVision V5.42.0.0
Copyright (C) 2025 ARM Ltd and ARM Germany GmbH. All rights reserved.
License Information: HCW HCW, HCW, LIC=03C6R-KTI51-II65V-PKUXA-LY2S3-B2VMD
 
Tool Versions:
Toolchain:       MDK-ARM Plus  Version: 5.42.0.0
Toolchain Path:  D:\Keil\ARM\ARMCLANG\Bin
C Compiler:      ArmClang.exe V6.23
Assembler:       Armasm.exe V6.23
Linker/Locator:  ArmLink.exe V6.23
Library Manager: ArmAr.exe V6.23
Hex Converter:   FromElf.exe V6.23
CPU DLL:         
Dialog DLL:      
Target DLL:      CMSIS_AGDI_V8M.DLL V1.8.6.0
Dialog DLL:      TCM.DLL V1.56.6.0
 
<h2>Project:</h2>
F:\IntegratedProjects\Fly\Software\Control\MDK-ARM\Control.uvprojx
Project File Date:  07/05/2025

<h2>Output:</h2>
*** Using Compiler 'V6.23', folder: 'D:\Keil\ARM\ARMCLANG\Bin'
Rebuild target 'Control'
compiling stm32h5xx_hal_timebase_tim.c...
compiling stm32h5xx_hal_msp.c...
compiling stm32h5xx_hal_cortex.c...
compiling stm32h5xx_hal_tim_ex.c...
assembling startup_stm32h503xx.s...
compiling stm32h5xx_hal_gpio.c...
compiling stm32h5xx_hal_flash.c...
compiling stm32h5xx_hal_flash_ex.c...
compiling armlib_lock_glue.c...
compiling stm32h5xx_hal_rcc_ex.c...
compiling stm32h5xx_hal_rcc.c...
compiling main.c...
compiling app_freertos.c...
compiling stm32h5xx_it.c...
compiling stm32h5xx_hal_tim.c...
compiling stm32h5xx_hal_dma.c...
compiling stm32h5xx_hal_pwr.c...
compiling stm32h5xx_hal_dma_ex.c...
compiling stm32h5xx_hal_exti.c...
compiling stm32h5xx_hal.c...
compiling stm32h5xx_hal_pwr_ex.c...
compiling stm32h5xx_hal_i2c_ex.c...
compiling stm32h5xx_hal_icache.c...
compiling stm32h5xx_hal_spi_ex.c...
compiling stm32h5xx_hal_i2c.c...
compiling stm32h5xx_hal_spi.c...
compiling stm32h5xx_hal_uart_ex.c...
compiling stm32h5xx_hal_pcd.c...
compiling stm32h5xx_hal_pcd_ex.c...
compiling stm32h5xx_hal_uart.c...
compiling system_stm32h5xx.c...
compiling bmi088.c...
compiling stm32h5xx_ll_usb.c...
compiling pid.c...
compiling spl06.c...
compiling error.c...
compiling ch9141k.c...
compiling light.c...
compiling app.c...
compiling attitude.c...
compiling com.c...
compiling tusb.c...
compiling cdc_device.c...
compiling usbd_control.c...
compiling croutine.c...
compiling usbd.c...
compiling tusb_fifo.c...
compiling dcd_stm32_fsdev.c...
compiling event_groups.c...
compiling list.c...
compiling stream_buffer.c...
compiling queue.c...
compiling timers.c...
compiling port.c...
compiling tasks.c...
compiling portasm.c...
compiling heap_4.c...
compiling cmsis_os2.c...
linking...
Program Size: Code=115752 RO-data=2024 RW-data=144 ZI-data=18872  
FromELF: creating hex file...
"Control\Control.axf" - 0 Error(s), 0 Warning(s).

<h2>Software Packages used:</h2>

Package Vendor: Keil
                https://www.keil.com/pack/Keil.STM32H5xx_DFP.2.0.0.pack
                Keil::STM32H5xx_DFP@2.0.0
                STMicroelectronics STM32H5 Series Device Support

<h2>Collection of Component include folders:</h2>

<h2>Collection of Component Files used:</h2>
Build Time Elapsed:  00:00:07
</pre>
</body>
</html>
